[2025-07-25T11:06:39.098+0000] {taskinstance.py:1979} INFO - Dependencies all met for dep_context=non-requeueable deps ti=<TaskInstance: load_raw_from_minio.create_raw_events_table manual__2025-07-25T11:01:34.974931+00:00 [queued]>
[2025-07-25T11:06:39.108+0000] {taskinstance.py:1979} INFO - Dependencies all met for dep_context=requeueable deps ti=<TaskInstance: load_raw_from_minio.create_raw_events_table manual__2025-07-25T11:01:34.974931+00:00 [queued]>
[2025-07-25T11:06:39.109+0000] {taskinstance.py:2193} INFO - Starting attempt 2 of 3
[2025-07-25T11:06:39.124+0000] {taskinstance.py:2217} INFO - Executing <Task(PythonOperator): create_raw_events_table> on 2025-07-25 11:01:34.974931+00:00
[2025-07-25T11:06:39.129+0000] {standard_task_runner.py:60} INFO - Started process 212 to run task
[2025-07-25T11:06:39.134+0000] {standard_task_runner.py:87} INFO - Running: ['***', 'tasks', 'run', 'load_raw_from_minio', 'create_raw_events_table', 'manual__2025-07-25T11:01:34.974931+00:00', '--job-id', '18', '--raw', '--subdir', 'DAGS_FOLDER/load_raw_from_minio.py', '--cfg-path', '/tmp/tmplel1or5k']
[2025-07-25T11:06:39.135+0000] {standard_task_runner.py:88} INFO - Job 18: Subtask create_raw_events_table
[2025-07-25T11:06:39.200+0000] {task_command.py:423} INFO - Running <TaskInstance: load_raw_from_minio.create_raw_events_table manual__2025-07-25T11:01:34.974931+00:00 [running]> on host 5b0c8788112c
[2025-07-25T11:06:39.332+0000] {taskinstance.py:2513} INFO - Exporting env vars: AIRFLOW_CTX_DAG_OWNER='ilona' AIRFLOW_CTX_DAG_ID='load_raw_from_minio' AIRFLOW_CTX_TASK_ID='create_raw_events_table' AIRFLOW_CTX_EXECUTION_DATE='2025-07-25T11:01:34.974931+00:00' AIRFLOW_CTX_TRY_NUMBER='2' AIRFLOW_CTX_DAG_RUN_ID='manual__2025-07-25T11:01:34.974931+00:00'
[2025-07-25T11:06:39.362+0000] {base.py:83} INFO - Using connection ID 'Postgres' for task execution.
[2025-07-25T11:06:39.369+0000] {taskinstance.py:2731} ERROR - Task failed with exception
Traceback (most recent call last):
  File "/home/airflow/.local/lib/python3.8/site-packages/airflow/models/taskinstance.py", line 444, in _execute_task
    result = _execute_callable(context=context, **execute_callable_kwargs)
  File "/home/airflow/.local/lib/python3.8/site-packages/airflow/models/taskinstance.py", line 414, in _execute_callable
    return execute_callable(context=context, **execute_callable_kwargs)
  File "/home/airflow/.local/lib/python3.8/site-packages/airflow/operators/python.py", line 200, in execute
    return_value = self.execute_callable()
  File "/home/airflow/.local/lib/python3.8/site-packages/airflow/operators/python.py", line 217, in execute_callable
    return self.python_callable(*self.op_args, **self.op_kwargs)
  File "/opt/airflow/dags/load_raw_from_minio.py", line 72, in create_table
    pg_hook.run(sql)
  File "/home/airflow/.local/lib/python3.8/site-packages/airflow/providers/common/sql/hooks/sql.py", line 397, in run
    with closing(self.get_conn()) as conn:
  File "/home/airflow/.local/lib/python3.8/site-packages/airflow/providers/postgres/hooks/postgres.py", line 161, in get_conn
    self.conn = psycopg2.connect(**conn_args)
  File "/home/airflow/.local/lib/python3.8/site-packages/psycopg2/__init__.py", line 122, in connect
    conn = _connect(dsn, connection_factory=connection_factory, **kwasync)
psycopg2.OperationalError: connection to server at "postgres" (172.18.0.3), port 5432 failed: FATAL:  database "Airflow" does not exist

[2025-07-25T11:06:39.388+0000] {taskinstance.py:1149} INFO - Marking task as UP_FOR_RETRY. dag_id=load_raw_from_minio, task_id=create_raw_events_table, execution_date=20250725T110134, start_date=20250725T110639, end_date=20250725T110639
[2025-07-25T11:06:39.409+0000] {standard_task_runner.py:107} ERROR - Failed to execute job 18 for task create_raw_events_table (connection to server at "postgres" (172.18.0.3), port 5432 failed: FATAL:  database "Airflow" does not exist
; 212)
[2025-07-25T11:06:39.439+0000] {local_task_job_runner.py:234} INFO - Task exited with return code 1
[2025-07-25T11:06:39.490+0000] {taskinstance.py:3312} INFO - 0 downstream tasks scheduled from follow-on schedule check
