[2025-07-25T11:08:52.500+0000] {taskinstance.py:1979} INFO - Dependencies all met for dep_context=non-requeueable deps ti=<TaskInstance: load_raw_from_minio.create_raw_events_table manual__2025-07-25T11:08:51.054456+00:00 [queued]>
[2025-07-25T11:08:52.512+0000] {taskinstance.py:1979} INFO - Dependencies all met for dep_context=requeueable deps ti=<TaskInstance: load_raw_from_minio.create_raw_events_table manual__2025-07-25T11:08:51.054456+00:00 [queued]>
[2025-07-25T11:08:52.513+0000] {taskinstance.py:2193} INFO - Starting attempt 1 of 3
[2025-07-25T11:08:52.532+0000] {taskinstance.py:2217} INFO - Executing <Task(PythonOperator): create_raw_events_table> on 2025-07-25 11:08:51.054456+00:00
[2025-07-25T11:08:52.543+0000] {standard_task_runner.py:60} INFO - Started process 247 to run task
[2025-07-25T11:08:52.548+0000] {standard_task_runner.py:87} INFO - Running: ['***', 'tasks', 'run', 'load_raw_from_minio', 'create_raw_events_table', 'manual__2025-07-25T11:08:51.054456+00:00', '--job-id', '20', '--raw', '--subdir', 'DAGS_FOLDER/load_raw_from_minio.py', '--cfg-path', '/tmp/tmpwin5d23w']
[2025-07-25T11:08:52.550+0000] {standard_task_runner.py:88} INFO - Job 20: Subtask create_raw_events_table
[2025-07-25T11:08:52.623+0000] {task_command.py:423} INFO - Running <TaskInstance: load_raw_from_minio.create_raw_events_table manual__2025-07-25T11:08:51.054456+00:00 [running]> on host 5b0c8788112c
[2025-07-25T11:08:52.733+0000] {taskinstance.py:2513} INFO - Exporting env vars: AIRFLOW_CTX_DAG_OWNER='ilona' AIRFLOW_CTX_DAG_ID='load_raw_from_minio' AIRFLOW_CTX_TASK_ID='create_raw_events_table' AIRFLOW_CTX_EXECUTION_DATE='2025-07-25T11:08:51.054456+00:00' AIRFLOW_CTX_TRY_NUMBER='1' AIRFLOW_CTX_DAG_RUN_ID='manual__2025-07-25T11:08:51.054456+00:00'
[2025-07-25T11:08:52.749+0000] {base.py:83} INFO - Using connection ID 'Postgres' for task execution.
[2025-07-25T11:08:52.754+0000] {sql.py:457} INFO - Running statement: CREATE TABLE IF NOT EXISTS raw.events (
    id SERIAL PRIMARY KEY,
    event_id UUID NOT NULL,
    event_time TIMESTAMP WITH TIME ZONE NOT NULL,

    user_id UUID NOT NULL,
    email TEXT,
    referral_code TEXT,
    user_name TEXT,
    birth_date DATE,
    profile_created_at TIMESTAMP WITH TIME ZONE,

    product_id UUID,
    product_name TEXT,
    category TEXT,
    supplier TEXT,
    price NUMERIC,

    session_id UUID,
    session_start_time TIMESTAMP WITH TIME ZONE,
    session_end_time TIMESTAMP WITH TIME ZONE,
    device_type TEXT,
    device_os TEXT,
    location_country TEXT,
    location_city TEXT,

    order_id UUID,
    payment_id UUID,
    order_items INTEGER,
    total_amount NUMERIC,
    order_status TEXT,

    campaign TEXT,
    promocode TEXT,
    user_campaign_id UUID,

    raw_payload JSONB,
    created_at TIMESTAMP DEFAULT NOW()
);
, parameters: None
[2025-07-25T11:08:52.756+0000] {taskinstance.py:2731} ERROR - Task failed with exception
Traceback (most recent call last):
  File "/home/airflow/.local/lib/python3.8/site-packages/airflow/models/taskinstance.py", line 444, in _execute_task
    result = _execute_callable(context=context, **execute_callable_kwargs)
  File "/home/airflow/.local/lib/python3.8/site-packages/airflow/models/taskinstance.py", line 414, in _execute_callable
    return execute_callable(context=context, **execute_callable_kwargs)
  File "/home/airflow/.local/lib/python3.8/site-packages/airflow/operators/python.py", line 200, in execute
    return_value = self.execute_callable()
  File "/home/airflow/.local/lib/python3.8/site-packages/airflow/operators/python.py", line 217, in execute_callable
    return self.python_callable(*self.op_args, **self.op_kwargs)
  File "/opt/airflow/dags/load_raw_from_minio.py", line 72, in create_table
    pg_hook.run(sql)
  File "/home/airflow/.local/lib/python3.8/site-packages/airflow/providers/common/sql/hooks/sql.py", line 404, in run
    self._run_command(cur, sql_statement, parameters)
  File "/home/airflow/.local/lib/python3.8/site-packages/airflow/providers/common/sql/hooks/sql.py", line 462, in _run_command
    cur.execute(sql_statement)
psycopg2.errors.InvalidSchemaName: schema "raw" does not exist
LINE 1: CREATE TABLE IF NOT EXISTS raw.events (
                                   ^

[2025-07-25T11:08:52.769+0000] {taskinstance.py:1149} INFO - Marking task as UP_FOR_RETRY. dag_id=load_raw_from_minio, task_id=create_raw_events_table, execution_date=20250725T110851, start_date=20250725T110852, end_date=20250725T110852
[2025-07-25T11:08:52.783+0000] {standard_task_runner.py:107} ERROR - Failed to execute job 20 for task create_raw_events_table (schema "raw" does not exist
LINE 1: CREATE TABLE IF NOT EXISTS raw.events (
                                   ^
; 247)
[2025-07-25T11:08:52.812+0000] {local_task_job_runner.py:234} INFO - Task exited with return code 1
[2025-07-25T11:08:52.851+0000] {taskinstance.py:3312} INFO - 0 downstream tasks scheduled from follow-on schedule check
