[2025-07-25T11:02:39.374+0000] {taskinstance.py:1979} INFO - Dependencies all met for dep_context=non-requeueable deps ti=<TaskInstance: load_raw_from_minio.create_raw_events_table scheduled__2025-07-25T10:00:00+00:00 [queued]>
[2025-07-25T11:02:39.384+0000] {taskinstance.py:1979} INFO - Dependencies all met for dep_context=requeueable deps ti=<TaskInstance: load_raw_from_minio.create_raw_events_table scheduled__2025-07-25T10:00:00+00:00 [queued]>
[2025-07-25T11:02:39.384+0000] {taskinstance.py:2193} INFO - Starting attempt 2 of 4
[2025-07-25T11:02:39.399+0000] {taskinstance.py:2217} INFO - Executing <Task(PythonOperator): create_raw_events_table> on 2025-07-25 10:00:00+00:00
[2025-07-25T11:02:39.403+0000] {standard_task_runner.py:60} INFO - Started process 154 to run task
[2025-07-25T11:02:39.407+0000] {standard_task_runner.py:87} INFO - Running: ['***', 'tasks', 'run', 'load_raw_from_minio', 'create_raw_events_table', 'scheduled__2025-07-25T10:00:00+00:00', '--job-id', '17', '--raw', '--subdir', 'DAGS_FOLDER/load_raw_from_minio.py', '--cfg-path', '/tmp/tmp4lnz1t19']
[2025-07-25T11:02:39.409+0000] {standard_task_runner.py:88} INFO - Job 17: Subtask create_raw_events_table
[2025-07-25T11:02:39.467+0000] {task_command.py:423} INFO - Running <TaskInstance: load_raw_from_minio.create_raw_events_table scheduled__2025-07-25T10:00:00+00:00 [running]> on host 5b0c8788112c
[2025-07-25T11:02:39.554+0000] {taskinstance.py:2513} INFO - Exporting env vars: AIRFLOW_CTX_DAG_OWNER='ilona' AIRFLOW_CTX_DAG_ID='load_raw_from_minio' AIRFLOW_CTX_TASK_ID='create_raw_events_table' AIRFLOW_CTX_EXECUTION_DATE='2025-07-25T10:00:00+00:00' AIRFLOW_CTX_TRY_NUMBER='2' AIRFLOW_CTX_DAG_RUN_ID='scheduled__2025-07-25T10:00:00+00:00'
[2025-07-25T11:02:39.566+0000] {base.py:83} INFO - Using connection ID 'Postgres' for task execution.
[2025-07-25T11:02:39.568+0000] {taskinstance.py:2731} ERROR - Task failed with exception
Traceback (most recent call last):
  File "/home/airflow/.local/lib/python3.8/site-packages/airflow/models/taskinstance.py", line 444, in _execute_task
    result = _execute_callable(context=context, **execute_callable_kwargs)
  File "/home/airflow/.local/lib/python3.8/site-packages/airflow/models/taskinstance.py", line 414, in _execute_callable
    return execute_callable(context=context, **execute_callable_kwargs)
  File "/home/airflow/.local/lib/python3.8/site-packages/airflow/operators/python.py", line 200, in execute
    return_value = self.execute_callable()
  File "/home/airflow/.local/lib/python3.8/site-packages/airflow/operators/python.py", line 217, in execute_callable
    return self.python_callable(*self.op_args, **self.op_kwargs)
  File "/opt/airflow/dags/load_raw_from_minio.py", line 72, in create_table
    pg_hook.run(sql)
  File "/home/airflow/.local/lib/python3.8/site-packages/airflow/providers/common/sql/hooks/sql.py", line 397, in run
    with closing(self.get_conn()) as conn:
  File "/home/airflow/.local/lib/python3.8/site-packages/airflow/providers/postgres/hooks/postgres.py", line 161, in get_conn
    self.conn = psycopg2.connect(**conn_args)
  File "/home/airflow/.local/lib/python3.8/site-packages/psycopg2/__init__.py", line 122, in connect
    conn = _connect(dsn, connection_factory=connection_factory, **kwasync)
psycopg2.OperationalError: connection to server at "localhost" (::1), port 5432 failed: Connection refused
	Is the server running on that host and accepting TCP/IP connections?
connection to server at "localhost" (127.0.0.1), port 5432 failed: Connection refused
	Is the server running on that host and accepting TCP/IP connections?

[2025-07-25T11:02:39.578+0000] {taskinstance.py:1149} INFO - Marking task as UP_FOR_RETRY. dag_id=load_raw_from_minio, task_id=create_raw_events_table, execution_date=20250725T100000, start_date=20250725T110239, end_date=20250725T110239
[2025-07-25T11:02:39.590+0000] {standard_task_runner.py:107} ERROR - Failed to execute job 17 for task create_raw_events_table (connection to server at "localhost" (::1), port 5432 failed: Connection refused
	Is the server running on that host and accepting TCP/IP connections?
connection to server at "localhost" (127.0.0.1), port 5432 failed: Connection refused
	Is the server running on that host and accepting TCP/IP connections?
; 154)
[2025-07-25T11:02:39.632+0000] {local_task_job_runner.py:234} INFO - Task exited with return code 1
[2025-07-25T11:02:39.661+0000] {taskinstance.py:3312} INFO - 0 downstream tasks scheduled from follow-on schedule check
