[2025-07-25T11:01:37.700+0000] {taskinstance.py:1979} INFO - Dependencies all met for dep_context=non-requeueable deps ti=<TaskInstance: load_raw_from_minio.create_raw_events_table scheduled__2025-07-25T10:00:00+00:00 [queued]>
[2025-07-25T11:01:37.710+0000] {taskinstance.py:1979} INFO - Dependencies all met for dep_context=requeueable deps ti=<TaskInstance: load_raw_from_minio.create_raw_events_table scheduled__2025-07-25T10:00:00+00:00 [queued]>
[2025-07-25T11:01:37.711+0000] {taskinstance.py:2193} INFO - Starting attempt 1 of 3
[2025-07-25T11:01:37.729+0000] {taskinstance.py:2217} INFO - Executing <Task(PythonOperator): create_raw_events_table> on 2025-07-25 10:00:00+00:00
[2025-07-25T11:01:37.733+0000] {standard_task_runner.py:60} INFO - Started process 136 to run task
[2025-07-25T11:01:37.744+0000] {standard_task_runner.py:87} INFO - Running: ['***', 'tasks', 'run', 'load_raw_from_minio', 'create_raw_events_table', 'scheduled__2025-07-25T10:00:00+00:00', '--job-id', '15', '--raw', '--subdir', 'DAGS_FOLDER/load_raw_from_minio.py', '--cfg-path', '/tmp/tmp4orom12n']
[2025-07-25T11:01:37.746+0000] {standard_task_runner.py:88} INFO - Job 15: Subtask create_raw_events_table
[2025-07-25T11:01:37.829+0000] {task_command.py:423} INFO - Running <TaskInstance: load_raw_from_minio.create_raw_events_table scheduled__2025-07-25T10:00:00+00:00 [running]> on host 5b0c8788112c
[2025-07-25T11:01:37.918+0000] {taskinstance.py:2513} INFO - Exporting env vars: AIRFLOW_CTX_DAG_OWNER='ilona' AIRFLOW_CTX_DAG_ID='load_raw_from_minio' AIRFLOW_CTX_TASK_ID='create_raw_events_table' AIRFLOW_CTX_EXECUTION_DATE='2025-07-25T10:00:00+00:00' AIRFLOW_CTX_TRY_NUMBER='1' AIRFLOW_CTX_DAG_RUN_ID='scheduled__2025-07-25T10:00:00+00:00'
[2025-07-25T11:01:37.933+0000] {base.py:83} INFO - Using connection ID 'Postgres' for task execution.
[2025-07-25T11:01:37.935+0000] {taskinstance.py:2731} ERROR - Task failed with exception
Traceback (most recent call last):
  File "/home/airflow/.local/lib/python3.8/site-packages/airflow/models/taskinstance.py", line 444, in _execute_task
    result = _execute_callable(context=context, **execute_callable_kwargs)
  File "/home/airflow/.local/lib/python3.8/site-packages/airflow/models/taskinstance.py", line 414, in _execute_callable
    return execute_callable(context=context, **execute_callable_kwargs)
  File "/home/airflow/.local/lib/python3.8/site-packages/airflow/operators/python.py", line 200, in execute
    return_value = self.execute_callable()
  File "/home/airflow/.local/lib/python3.8/site-packages/airflow/operators/python.py", line 217, in execute_callable
    return self.python_callable(*self.op_args, **self.op_kwargs)
  File "/opt/airflow/dags/load_raw_from_minio.py", line 72, in create_table
    pg_hook.run(sql)
  File "/home/airflow/.local/lib/python3.8/site-packages/airflow/providers/common/sql/hooks/sql.py", line 397, in run
    with closing(self.get_conn()) as conn:
  File "/home/airflow/.local/lib/python3.8/site-packages/airflow/providers/postgres/hooks/postgres.py", line 161, in get_conn
    self.conn = psycopg2.connect(**conn_args)
  File "/home/airflow/.local/lib/python3.8/site-packages/psycopg2/__init__.py", line 122, in connect
    conn = _connect(dsn, connection_factory=connection_factory, **kwasync)
psycopg2.OperationalError: connection to server at "localhost" (::1), port 5432 failed: Connection refused
	Is the server running on that host and accepting TCP/IP connections?
connection to server at "localhost" (127.0.0.1), port 5432 failed: Connection refused
	Is the server running on that host and accepting TCP/IP connections?

[2025-07-25T11:01:38.003+0000] {taskinstance.py:1149} INFO - Marking task as UP_FOR_RETRY. dag_id=load_raw_from_minio, task_id=create_raw_events_table, execution_date=20250725T100000, start_date=20250725T110137, end_date=20250725T110138
[2025-07-25T11:01:38.075+0000] {standard_task_runner.py:107} ERROR - Failed to execute job 15 for task create_raw_events_table (connection to server at "localhost" (::1), port 5432 failed: Connection refused
	Is the server running on that host and accepting TCP/IP connections?
connection to server at "localhost" (127.0.0.1), port 5432 failed: Connection refused
	Is the server running on that host and accepting TCP/IP connections?
; 136)
[2025-07-25T11:01:38.123+0000] {local_task_job_runner.py:234} INFO - Task exited with return code 1
[2025-07-25T11:01:38.156+0000] {taskinstance.py:3312} INFO - 0 downstream tasks scheduled from follow-on schedule check
[2025-07-25T11:12:43.928+0000] {taskinstance.py:1979} INFO - Dependencies all met for dep_context=non-requeueable deps ti=<TaskInstance: load_raw_from_minio.create_raw_events_table scheduled__2025-07-25T10:00:00+00:00 [queued]>
[2025-07-25T11:12:43.939+0000] {taskinstance.py:1979} INFO - Dependencies all met for dep_context=requeueable deps ti=<TaskInstance: load_raw_from_minio.create_raw_events_table scheduled__2025-07-25T10:00:00+00:00 [queued]>
[2025-07-25T11:12:43.939+0000] {taskinstance.py:2193} INFO - Starting attempt 1 of 3
[2025-07-25T11:12:43.963+0000] {taskinstance.py:2217} INFO - Executing <Task(PythonOperator): create_raw_events_table> on 2025-07-25 10:00:00+00:00
[2025-07-25T11:12:43.969+0000] {standard_task_runner.py:60} INFO - Started process 313 to run task
[2025-07-25T11:12:43.975+0000] {standard_task_runner.py:87} INFO - Running: ['***', 'tasks', 'run', 'load_raw_from_minio', 'create_raw_events_table', 'scheduled__2025-07-25T10:00:00+00:00', '--job-id', '25', '--raw', '--subdir', 'DAGS_FOLDER/load_raw_from_minio.py', '--cfg-path', '/tmp/tmph6decsex']
[2025-07-25T11:12:43.977+0000] {standard_task_runner.py:88} INFO - Job 25: Subtask create_raw_events_table
[2025-07-25T11:12:44.051+0000] {task_command.py:423} INFO - Running <TaskInstance: load_raw_from_minio.create_raw_events_table scheduled__2025-07-25T10:00:00+00:00 [running]> on host 5b0c8788112c
[2025-07-25T11:12:44.151+0000] {taskinstance.py:2513} INFO - Exporting env vars: AIRFLOW_CTX_DAG_OWNER='ilona' AIRFLOW_CTX_DAG_ID='load_raw_from_minio' AIRFLOW_CTX_TASK_ID='create_raw_events_table' AIRFLOW_CTX_EXECUTION_DATE='2025-07-25T10:00:00+00:00' AIRFLOW_CTX_TRY_NUMBER='1' AIRFLOW_CTX_DAG_RUN_ID='scheduled__2025-07-25T10:00:00+00:00'
[2025-07-25T11:12:44.165+0000] {base.py:83} INFO - Using connection ID 'Postgres' for task execution.
[2025-07-25T11:12:44.170+0000] {sql.py:457} INFO - Running statement: CREATE SCHEMA IF NOT EXISTS raw;

CREATE TABLE IF NOT EXISTS raw.events (
    id SERIAL PRIMARY KEY,
    event_id UUID NOT NULL,
    event_time TIMESTAMP WITH TIME ZONE NOT NULL,

    user_id UUID NOT NULL,
    email TEXT,
    referral_code TEXT,
    user_name TEXT,
    birth_date DATE,
    profile_created_at TIMESTAMP WITH TIME ZONE,

    product_id UUID,
    product_name TEXT,
    category TEXT,
    supplier TEXT,
    price NUMERIC,

    session_id UUID,
    session_start_time TIMESTAMP WITH TIME ZONE,
    session_end_time TIMESTAMP WITH TIME ZONE,
    device_type TEXT,
    device_os TEXT,
    location_country TEXT,
    location_city TEXT,

    order_id UUID,
    payment_id UUID,
    order_items INTEGER,
    total_amount NUMERIC,
    order_status TEXT,

    campaign TEXT,
    promocode TEXT,
    user_campaign_id UUID,

    raw_payload JSONB,
    created_at TIMESTAMP DEFAULT NOW()
);
, parameters: None
[2025-07-25T11:12:44.172+0000] {load_raw_from_minio.py:73} INFO - Таблица raw.events проверена/создана.
[2025-07-25T11:12:44.172+0000] {python.py:202} INFO - Done. Returned value was: None
[2025-07-25T11:12:44.185+0000] {taskinstance.py:1149} INFO - Marking task as SUCCESS. dag_id=load_raw_from_minio, task_id=create_raw_events_table, execution_date=20250725T100000, start_date=20250725T111243, end_date=20250725T111244
[2025-07-25T11:12:44.238+0000] {local_task_job_runner.py:234} INFO - Task exited with return code 0
[2025-07-25T11:12:44.266+0000] {taskinstance.py:3312} INFO - 1 downstream tasks scheduled from follow-on schedule check
