[2025-07-24T15:05:37.207+0000] {manager.py:469} INFO - Processing files using up to 2 processes at a time 
[2025-07-24T15:05:37.208+0000] {manager.py:470} INFO - Process each file at most once every 30 seconds
[2025-07-24T15:05:37.209+0000] {manager.py:471} INFO - Checking for new files in /opt/airflow/dags every 300 seconds
[2025-07-24T15:05:37.210+0000] {manager.py:738} INFO - Searching for files in /opt/airflow/dags
[2025-07-24T15:05:37.213+0000] {manager.py:741} INFO - There are 0 files in /opt/airflow/dags
[2025-07-24T15:10:37.223+0000] {manager.py:738} INFO - Searching for files in /opt/airflow/dags
[2025-07-24T15:10:37.226+0000] {manager.py:741} INFO - There are 0 files in /opt/airflow/dags
[2025-07-24T15:15:38.060+0000] {manager.py:738} INFO - Searching for files in /opt/airflow/dags
[2025-07-24T15:15:38.062+0000] {manager.py:741} INFO - There are 0 files in /opt/airflow/dags
[2025-07-24T15:20:38.808+0000] {manager.py:738} INFO - Searching for files in /opt/airflow/dags
[2025-07-24T15:20:38.813+0000] {manager.py:741} INFO - There are 0 files in /opt/airflow/dags
[2025-07-24T15:25:39.699+0000] {manager.py:738} INFO - Searching for files in /opt/airflow/dags
[2025-07-24T15:25:39.702+0000] {manager.py:741} INFO - There are 0 files in /opt/airflow/dags
[2025-07-24T15:29:29.108+0000] {manager.py:451} INFO - Exiting gracefully upon receiving signal 15
[2025-07-24T15:30:55.122+0000] {manager.py:469} INFO - Processing files using up to 2 processes at a time 
[2025-07-24T15:30:55.123+0000] {manager.py:470} INFO - Process each file at most once every 30 seconds
[2025-07-24T15:30:55.123+0000] {manager.py:471} INFO - Checking for new files in /opt/airflow/dags every 300 seconds
[2025-07-24T15:30:55.124+0000] {manager.py:738} INFO - Searching for files in /opt/airflow/dags
[2025-07-24T15:30:55.127+0000] {manager.py:741} INFO - There are 0 files in /opt/airflow/dags
[2025-07-24T15:35:55.910+0000] {manager.py:738} INFO - Searching for files in /opt/airflow/dags
[2025-07-24T15:35:55.917+0000] {manager.py:741} INFO - There are 0 files in /opt/airflow/dags
[2025-07-24T15:40:56.672+0000] {manager.py:738} INFO - Searching for files in /opt/airflow/dags
[2025-07-24T15:40:56.675+0000] {manager.py:741} INFO - There are 0 files in /opt/airflow/dags
[2025-07-24T15:50:19.186+0000] {manager.py:738} INFO - Searching for files in /opt/airflow/dags
[2025-07-24T15:50:19.593+0000] {manager.py:741} INFO - There are 0 files in /opt/airflow/dags
[2025-07-24T15:55:51.892+0000] {manager.py:738} INFO - Searching for files in /opt/airflow/dags
[2025-07-24T15:55:52.513+0000] {manager.py:741} INFO - There are 0 files in /opt/airflow/dags
[2025-07-24T16:01:25.004+0000] {manager.py:738} INFO - Searching for files in /opt/airflow/dags
[2025-07-24T16:01:25.474+0000] {manager.py:741} INFO - There are 0 files in /opt/airflow/dags
[2025-07-24T16:09:41.013+0000] {manager.py:738} INFO - Searching for files in /opt/airflow/dags
[2025-07-24T16:09:41.661+0000] {manager.py:741} INFO - There are 0 files in /opt/airflow/dags
[2025-07-24T16:15:14.350+0000] {manager.py:738} INFO - Searching for files in /opt/airflow/dags
[2025-07-24T16:15:14.939+0000] {manager.py:741} INFO - There are 0 files in /opt/airflow/dags
[2025-07-24T16:20:47.435+0000] {manager.py:738} INFO - Searching for files in /opt/airflow/dags
[2025-07-24T16:20:47.466+0000] {manager.py:741} INFO - There are 0 files in /opt/airflow/dags
[2025-07-24T16:26:20.120+0000] {manager.py:738} INFO - Searching for files in /opt/airflow/dags
[2025-07-24T16:26:20.884+0000] {manager.py:741} INFO - There are 0 files in /opt/airflow/dags
[2025-07-24T16:26:20.926+0000] {manager.py:451} INFO - Exiting gracefully upon receiving signal 15
[2025-07-24T16:26:21.544+0000] {manager.py:469} INFO - Processing files using up to 2 processes at a time 
[2025-07-24T16:26:21.545+0000] {manager.py:470} INFO - Process each file at most once every 30 seconds
[2025-07-24T16:26:21.545+0000] {manager.py:471} INFO - Checking for new files in /opt/airflow/dags every 300 seconds
[2025-07-24T16:26:21.546+0000] {manager.py:738} INFO - Searching for files in /opt/airflow/dags
[2025-07-24T16:26:21.548+0000] {manager.py:741} INFO - There are 0 files in /opt/airflow/dags
[2025-07-24T16:31:53.190+0000] {manager.py:738} INFO - Searching for files in /opt/airflow/dags
[2025-07-24T16:31:53.810+0000] {manager.py:741} INFO - There are 0 files in /opt/airflow/dags
[2025-07-24T16:36:53.575+0000] {manager.py:738} INFO - Searching for files in /opt/airflow/dags
[2025-07-24T16:36:53.585+0000] {manager.py:741} INFO - There are 0 files in /opt/airflow/dags
[2025-07-24T16:41:54.011+0000] {manager.py:738} INFO - Searching for files in /opt/airflow/dags
[2025-07-24T16:41:54.013+0000] {manager.py:741} INFO - There are 0 files in /opt/airflow/dags
[2025-07-24T16:47:19.181+0000] {manager.py:738} INFO - Searching for files in /opt/airflow/dags
[2025-07-24T16:47:19.633+0000] {manager.py:741} INFO - There are 0 files in /opt/airflow/dags
[2025-07-24T16:47:19.671+0000] {manager.py:451} INFO - Exiting gracefully upon receiving signal 15
[2025-07-24T16:47:20.243+0000] {manager.py:469} INFO - Processing files using up to 2 processes at a time 
[2025-07-24T16:47:20.243+0000] {manager.py:470} INFO - Process each file at most once every 30 seconds
[2025-07-24T16:47:20.244+0000] {manager.py:471} INFO - Checking for new files in /opt/airflow/dags every 300 seconds
[2025-07-24T16:47:20.244+0000] {manager.py:738} INFO - Searching for files in /opt/airflow/dags
[2025-07-24T16:47:20.247+0000] {manager.py:741} INFO - There are 0 files in /opt/airflow/dags
[2025-07-24T16:52:51.894+0000] {manager.py:738} INFO - Searching for files in /opt/airflow/dags
[2025-07-24T16:52:52.522+0000] {manager.py:741} INFO - There are 0 files in /opt/airflow/dags
[2025-07-24T16:52:52.568+0000] {manager.py:451} INFO - Exiting gracefully upon receiving signal 15
[2025-07-24T16:52:53.576+0000] {manager.py:469} INFO - Processing files using up to 2 processes at a time 
[2025-07-24T16:52:53.576+0000] {manager.py:470} INFO - Process each file at most once every 30 seconds
[2025-07-24T16:52:53.577+0000] {manager.py:471} INFO - Checking for new files in /opt/airflow/dags every 300 seconds
[2025-07-24T16:52:53.577+0000] {manager.py:738} INFO - Searching for files in /opt/airflow/dags
[2025-07-24T16:52:53.580+0000] {manager.py:741} INFO - There are 0 files in /opt/airflow/dags
[2025-07-24T16:58:24.927+0000] {manager.py:738} INFO - Searching for files in /opt/airflow/dags
[2025-07-24T16:58:25.477+0000] {manager.py:741} INFO - There are 0 files in /opt/airflow/dags
[2025-07-24T17:03:57.566+0000] {manager.py:451} INFO - Exiting gracefully upon receiving signal 15
[2025-07-24T17:03:59.341+0000] {manager.py:469} INFO - Processing files using up to 2 processes at a time 
[2025-07-24T17:03:59.342+0000] {manager.py:470} INFO - Process each file at most once every 30 seconds
[2025-07-24T17:03:59.342+0000] {manager.py:471} INFO - Checking for new files in /opt/airflow/dags every 300 seconds
[2025-07-24T17:03:59.343+0000] {manager.py:738} INFO - Searching for files in /opt/airflow/dags
[2025-07-24T17:03:59.345+0000] {manager.py:741} INFO - There are 0 files in /opt/airflow/dags
[2025-07-24T17:09:32.966+0000] {manager.py:738} INFO - Searching for files in /opt/airflow/dags
[2025-07-24T17:09:33.000+0000] {manager.py:741} INFO - There are 0 files in /opt/airflow/dags
[2025-07-24T17:15:05.268+0000] {manager.py:738} INFO - Searching for files in /opt/airflow/dags
[2025-07-24T17:15:05.910+0000] {manager.py:741} INFO - There are 0 files in /opt/airflow/dags
[2025-07-24T17:15:05.943+0000] {manager.py:451} INFO - Exiting gracefully upon receiving signal 15
[2025-07-24T17:15:07.050+0000] {manager.py:469} INFO - Processing files using up to 2 processes at a time 
[2025-07-24T17:15:07.051+0000] {manager.py:470} INFO - Process each file at most once every 30 seconds
[2025-07-24T17:15:07.052+0000] {manager.py:471} INFO - Checking for new files in /opt/airflow/dags every 300 seconds
[2025-07-24T17:15:07.054+0000] {manager.py:738} INFO - Searching for files in /opt/airflow/dags
[2025-07-24T17:15:07.058+0000] {manager.py:741} INFO - There are 0 files in /opt/airflow/dags
[2025-07-24T17:20:38.046+0000] {manager.py:738} INFO - Searching for files in /opt/airflow/dags
[2025-07-24T17:20:38.053+0000] {manager.py:741} INFO - There are 0 files in /opt/airflow/dags
[2025-07-24T17:26:10.994+0000] {manager.py:738} INFO - Searching for files in /opt/airflow/dags
[2025-07-24T17:26:11.177+0000] {manager.py:741} INFO - There are 0 files in /opt/airflow/dags
[2025-07-24T17:31:44.146+0000] {manager.py:738} INFO - Searching for files in /opt/airflow/dags
[2025-07-24T17:31:44.173+0000] {manager.py:741} INFO - There are 0 files in /opt/airflow/dags
[2025-07-24T17:37:17.231+0000] {manager.py:738} INFO - Searching for files in /opt/airflow/dags
[2025-07-24T17:37:17.274+0000] {manager.py:741} INFO - There are 0 files in /opt/airflow/dags
[2025-07-24T17:42:50.286+0000] {manager.py:738} INFO - Searching for files in /opt/airflow/dags
[2025-07-24T17:42:50.793+0000] {manager.py:741} INFO - There are 0 files in /opt/airflow/dags
[2025-07-24T17:42:50.905+0000] {manager.py:451} INFO - Exiting gracefully upon receiving signal 15
[2025-07-24T17:42:51.614+0000] {manager.py:469} INFO - Processing files using up to 2 processes at a time 
[2025-07-24T17:42:51.615+0000] {manager.py:470} INFO - Process each file at most once every 30 seconds
[2025-07-24T17:42:51.616+0000] {manager.py:471} INFO - Checking for new files in /opt/airflow/dags every 300 seconds
[2025-07-24T17:42:51.616+0000] {manager.py:738} INFO - Searching for files in /opt/airflow/dags
[2025-07-24T17:42:51.618+0000] {manager.py:741} INFO - There are 0 files in /opt/airflow/dags
[2025-07-24T17:48:23.227+0000] {manager.py:738} INFO - Searching for files in /opt/airflow/dags
[2025-07-24T17:48:23.674+0000] {manager.py:741} INFO - There are 0 files in /opt/airflow/dags
[2025-07-24T17:53:55.837+0000] {manager.py:738} INFO - Searching for files in /opt/airflow/dags
[2025-07-24T17:53:56.696+0000] {manager.py:741} INFO - There are 0 files in /opt/airflow/dags
[2025-07-24T17:59:28.774+0000] {manager.py:738} INFO - Searching for files in /opt/airflow/dags
[2025-07-24T17:59:29.472+0000] {manager.py:741} INFO - There are 0 files in /opt/airflow/dags
[2025-07-24T18:04:29.387+0000] {manager.py:738} INFO - Searching for files in /opt/airflow/dags
[2025-07-24T18:04:29.391+0000] {manager.py:741} INFO - There are 0 files in /opt/airflow/dags
[2025-07-24T18:09:30.323+0000] {manager.py:738} INFO - Searching for files in /opt/airflow/dags
[2025-07-24T18:09:30.328+0000] {manager.py:741} INFO - There are 0 files in /opt/airflow/dags
[2025-07-24T18:14:31.275+0000] {manager.py:738} INFO - Searching for files in /opt/airflow/dags
[2025-07-24T18:14:31.279+0000] {manager.py:741} INFO - There are 0 files in /opt/airflow/dags
[2025-07-24T18:19:32.192+0000] {manager.py:738} INFO - Searching for files in /opt/airflow/dags
[2025-07-24T18:19:32.195+0000] {manager.py:741} INFO - There are 0 files in /opt/airflow/dags
[2025-07-24T18:24:32.418+0000] {manager.py:738} INFO - Searching for files in /opt/airflow/dags
[2025-07-24T18:24:32.422+0000] {manager.py:741} INFO - There are 0 files in /opt/airflow/dags
[2025-07-24T18:29:33.289+0000] {manager.py:738} INFO - Searching for files in /opt/airflow/dags
[2025-07-24T18:29:33.291+0000] {manager.py:741} INFO - There are 0 files in /opt/airflow/dags
[2025-07-24T18:34:34.106+0000] {manager.py:738} INFO - Searching for files in /opt/airflow/dags
[2025-07-24T18:34:34.108+0000] {manager.py:741} INFO - There are 0 files in /opt/airflow/dags
[2025-07-24T18:39:34.196+0000] {manager.py:738} INFO - Searching for files in /opt/airflow/dags
[2025-07-24T18:39:34.200+0000] {manager.py:741} INFO - There are 0 files in /opt/airflow/dags
[2025-07-24T18:44:34.867+0000] {manager.py:738} INFO - Searching for files in /opt/airflow/dags
[2025-07-24T18:44:34.870+0000] {manager.py:741} INFO - There are 0 files in /opt/airflow/dags
