[2025-07-25T11:17:56.342+0000] {taskinstance.py:1979} INFO - Dependencies all met for dep_context=non-requeueable deps ti=<TaskInstance: load_raw_from_minio.create_raw_events_table manual__2025-07-25T11:17:55.105171+00:00 [queued]>
[2025-07-25T11:17:56.351+0000] {taskinstance.py:1979} INFO - Dependencies all met for dep_context=requeueable deps ti=<TaskInstance: load_raw_from_minio.create_raw_events_table manual__2025-07-25T11:17:55.105171+00:00 [queued]>
[2025-07-25T11:17:56.352+0000] {taskinstance.py:2193} INFO - Starting attempt 1 of 3
[2025-07-25T11:17:56.368+0000] {taskinstance.py:2217} INFO - Executing <Task(PythonOperator): create_raw_events_table> on 2025-07-25 11:17:55.105171+00:00
[2025-07-25T11:17:56.373+0000] {standard_task_runner.py:60} INFO - Started process 393 to run task
[2025-07-25T11:17:56.377+0000] {standard_task_runner.py:87} INFO - Running: ['***', 'tasks', 'run', 'load_raw_from_minio', 'create_raw_events_table', 'manual__2025-07-25T11:17:55.105171+00:00', '--job-id', '29', '--raw', '--subdir', 'DAGS_FOLDER/load_raw_from_minio.py', '--cfg-path', '/tmp/tmp0ar9m7u5']
[2025-07-25T11:17:56.379+0000] {standard_task_runner.py:88} INFO - Job 29: Subtask create_raw_events_table
[2025-07-25T11:17:56.435+0000] {task_command.py:423} INFO - Running <TaskInstance: load_raw_from_minio.create_raw_events_table manual__2025-07-25T11:17:55.105171+00:00 [running]> on host 5b0c8788112c
[2025-07-25T11:17:56.530+0000] {taskinstance.py:2513} INFO - Exporting env vars: AIRFLOW_CTX_DAG_OWNER='ilona' AIRFLOW_CTX_DAG_ID='load_raw_from_minio' AIRFLOW_CTX_TASK_ID='create_raw_events_table' AIRFLOW_CTX_EXECUTION_DATE='2025-07-25T11:17:55.105171+00:00' AIRFLOW_CTX_TRY_NUMBER='1' AIRFLOW_CTX_DAG_RUN_ID='manual__2025-07-25T11:17:55.105171+00:00'
[2025-07-25T11:17:56.543+0000] {base.py:83} INFO - Using connection ID 'Postgres' for task execution.
[2025-07-25T11:17:56.548+0000] {sql.py:457} INFO - Running statement: CREATE SCHEMA IF NOT EXISTS raw;

CREATE TABLE IF NOT EXISTS raw.events (
    id SERIAL PRIMARY KEY,
    event_id UUID NOT NULL,
    event_time TIMESTAMP WITH TIME ZONE NOT NULL,

    user_id UUID NOT NULL,
    email TEXT,
    referral_code TEXT,
    user_name TEXT,
    birth_date DATE,
    profile_created_at TIMESTAMP WITH TIME ZONE,

    product_id UUID,
    product_name TEXT,
    category TEXT,
    supplier TEXT,
    price NUMERIC,

    session_id UUID,
    session_start_time TIMESTAMP WITH TIME ZONE,
    session_end_time TIMESTAMP WITH TIME ZONE,
    device_type TEXT,
    device_os TEXT,
    location_country TEXT,
    location_city TEXT,

    order_id UUID,
    payment_id UUID,
    order_items INTEGER,
    total_amount NUMERIC,
    order_status TEXT,

    campaign TEXT,
    promocode TEXT,
    user_campaign_id UUID,

    raw_payload JSONB,
    created_at TIMESTAMP DEFAULT NOW()
);
, parameters: None
[2025-07-25T11:17:56.550+0000] {load_raw_from_minio.py:73} INFO - Таблица raw.events проверена/создана.
[2025-07-25T11:17:56.550+0000] {python.py:202} INFO - Done. Returned value was: None
[2025-07-25T11:17:56.563+0000] {taskinstance.py:1149} INFO - Marking task as SUCCESS. dag_id=load_raw_from_minio, task_id=create_raw_events_table, execution_date=20250725T111755, start_date=20250725T111756, end_date=20250725T111756
[2025-07-25T11:17:56.599+0000] {local_task_job_runner.py:234} INFO - Task exited with return code 0
[2025-07-25T11:17:56.626+0000] {taskinstance.py:3312} INFO - 1 downstream tasks scheduled from follow-on schedule check
